2026-01-11T16:57:44.4644088Z Current runner version: '2.330.0'
2026-01-11T16:57:44.4667724Z ##[group]Runner Image Provisioner
2026-01-11T16:57:44.4668672Z Hosted Compute Agent
2026-01-11T16:57:44.4669307Z Version: 20251211.462
2026-01-11T16:57:44.4669937Z Commit: 6cbad8c2bb55d58165063d031ccabf57e2d2db61
2026-01-11T16:57:44.4670594Z Build Date: 2025-12-11T16:28:49Z
2026-01-11T16:57:44.4671457Z Worker ID: {7efd0cf1-1acb-4d78-8acc-7be1026e0531}
2026-01-11T16:57:44.4672124Z ##[endgroup]
2026-01-11T16:57:44.4672679Z ##[group]Operating System
2026-01-11T16:57:44.4673192Z Ubuntu
2026-01-11T16:57:44.4673735Z 24.04.3
2026-01-11T16:57:44.4674157Z LTS
2026-01-11T16:57:44.4674595Z ##[endgroup]
2026-01-11T16:57:44.4675185Z ##[group]Runner Image
2026-01-11T16:57:44.4675702Z Image: ubuntu-24.04
2026-01-11T16:57:44.4676201Z Version: 20260105.202.1
2026-01-11T16:57:44.4677228Z Included Software: https://github.com/actions/runner-images/blob/ubuntu24/20260105.202/images/ubuntu/Ubuntu2404-Readme.md
2026-01-11T16:57:44.4678744Z Image Release: https://github.com/actions/runner-images/releases/tag/ubuntu24%2F20260105.202
2026-01-11T16:57:44.4679794Z ##[endgroup]
2026-01-11T16:57:44.4682455Z ##[group]GITHUB_TOKEN Permissions
2026-01-11T16:57:44.4684663Z Actions: write
2026-01-11T16:57:44.4685226Z ArtifactMetadata: write
2026-01-11T16:57:44.4685757Z Attestations: write
2026-01-11T16:57:44.4686352Z Checks: write
2026-01-11T16:57:44.4686841Z Contents: write
2026-01-11T16:57:44.4687337Z Deployments: write
2026-01-11T16:57:44.4687870Z Discussions: write
2026-01-11T16:57:44.4688422Z Issues: write
2026-01-11T16:57:44.4688865Z Metadata: read
2026-01-11T16:57:44.4689392Z Models: read
2026-01-11T16:57:44.4689905Z Packages: write
2026-01-11T16:57:44.4690376Z Pages: write
2026-01-11T16:57:44.4690940Z PullRequests: write
2026-01-11T16:57:44.4691766Z RepositoryProjects: write
2026-01-11T16:57:44.4692338Z SecurityEvents: write
2026-01-11T16:57:44.4692825Z Statuses: write
2026-01-11T16:57:44.4693443Z ##[endgroup]
2026-01-11T16:57:44.4695590Z Secret source: Actions
2026-01-11T16:57:44.4696745Z Prepare workflow directory
2026-01-11T16:57:44.5014970Z Prepare all required actions
2026-01-11T16:57:44.5058768Z Getting action download info
2026-01-11T16:57:45.0232882Z Download action repository 'actions/checkout@v4' (SHA:34e114876b0b11c390a56381ad16ebd13914f8d5)
2026-01-11T16:57:45.1221449Z Download action repository 'actions/setup-node@v4' (SHA:49933ea5288caeca8642d1e84afbd3f7d6820020)
2026-01-11T16:57:45.2135387Z Download action repository 'actions/upload-artifact@v4' (SHA:ea165f8d65b6e75b540449e92b4886f43607fa02)
2026-01-11T16:57:45.3328274Z Download action repository 'actions/github-script@v7' (SHA:f28e40c7f34bde8b3046d885e986cb6290c5673b)
2026-01-11T16:57:45.9734930Z Complete job name: OpenAPI Validation
2026-01-11T16:57:46.0592225Z ##[group]Run actions/checkout@v4
2026-01-11T16:57:46.0593628Z with:
2026-01-11T16:57:46.0594364Z   repository: nfe/client-nodejs
2026-01-11T16:57:46.0595629Z   token: ***
2026-01-11T16:57:46.0596322Z   ssh-strict: true
2026-01-11T16:57:46.0597029Z   ssh-user: git
2026-01-11T16:57:46.0597791Z   persist-credentials: true
2026-01-11T16:57:46.0598629Z   clean: true
2026-01-11T16:57:46.0599361Z   sparse-checkout-cone-mode: true
2026-01-11T16:57:46.0600279Z   fetch-depth: 1
2026-01-11T16:57:46.0600991Z   fetch-tags: false
2026-01-11T16:57:46.0601968Z   show-progress: true
2026-01-11T16:57:46.0602734Z   lfs: false
2026-01-11T16:57:46.0603426Z   submodules: false
2026-01-11T16:57:46.0604172Z   set-safe-directory: true
2026-01-11T16:57:46.0605374Z ##[endgroup]
2026-01-11T16:57:46.1730997Z Syncing repository: nfe/client-nodejs
2026-01-11T16:57:46.1733876Z ##[group]Getting Git version info
2026-01-11T16:57:46.1735251Z Working directory is '/home/runner/work/client-nodejs/client-nodejs'
2026-01-11T16:57:46.1737231Z [command]/usr/bin/git version
2026-01-11T16:57:46.1817606Z git version 2.52.0
2026-01-11T16:57:46.1844882Z ##[endgroup]
2026-01-11T16:57:46.1867493Z Temporarily overriding HOME='/home/runner/work/_temp/531ddcdc-bb53-4378-b0f7-db44166f139a' before making global git config changes
2026-01-11T16:57:46.1870547Z Adding repository directory to the temporary git global config as a safe directory
2026-01-11T16:57:46.1874438Z [command]/usr/bin/git config --global --add safe.directory /home/runner/work/client-nodejs/client-nodejs
2026-01-11T16:57:46.1916728Z Deleting the contents of '/home/runner/work/client-nodejs/client-nodejs'
2026-01-11T16:57:46.1919935Z ##[group]Initializing the repository
2026-01-11T16:57:46.1924334Z [command]/usr/bin/git init /home/runner/work/client-nodejs/client-nodejs
2026-01-11T16:57:46.2053616Z hint: Using 'master' as the name for the initial branch. This default branch name
2026-01-11T16:57:46.2055594Z hint: will change to "main" in Git 3.0. To configure the initial branch name
2026-01-11T16:57:46.2057331Z hint: to use in all of your new repositories, which will suppress this warning,
2026-01-11T16:57:46.2058979Z hint: call:
2026-01-11T16:57:46.2059985Z hint:
2026-01-11T16:57:46.2060976Z hint: 	git config --global init.defaultBranch <name>
2026-01-11T16:57:46.2062254Z hint:
2026-01-11T16:57:46.2063244Z hint: Names commonly chosen instead of 'master' are 'main', 'trunk' and
2026-01-11T16:57:46.2064927Z hint: 'development'. The just-created branch can be renamed via this command:
2026-01-11T16:57:46.2066643Z hint:
2026-01-11T16:57:46.2067308Z hint: 	git branch -m <name>
2026-01-11T16:57:46.2068080Z hint:
2026-01-11T16:57:46.2069158Z hint: Disable this message with "git config set advice.defaultBranchName false"
2026-01-11T16:57:46.2071891Z Initialized empty Git repository in /home/runner/work/client-nodejs/client-nodejs/.git/
2026-01-11T16:57:46.2075086Z [command]/usr/bin/git remote add origin https://github.com/nfe/client-nodejs
2026-01-11T16:57:46.2109236Z ##[endgroup]
2026-01-11T16:57:46.2110542Z ##[group]Disabling automatic garbage collection
2026-01-11T16:57:46.2114059Z [command]/usr/bin/git config --local gc.auto 0
2026-01-11T16:57:46.2146125Z ##[endgroup]
2026-01-11T16:57:46.2148237Z ##[group]Setting up auth
2026-01-11T16:57:46.2154610Z [command]/usr/bin/git config --local --name-only --get-regexp core\.sshCommand
2026-01-11T16:57:46.2189280Z [command]/usr/bin/git submodule foreach --recursive sh -c "git config --local --name-only --get-regexp 'core\.sshCommand' && git config --local --unset-all 'core.sshCommand' || :"
2026-01-11T16:57:46.2569770Z [command]/usr/bin/git config --local --name-only --get-regexp http\.https\:\/\/github\.com\/\.extraheader
2026-01-11T16:57:46.2603963Z [command]/usr/bin/git submodule foreach --recursive sh -c "git config --local --name-only --get-regexp 'http\.https\:\/\/github\.com\/\.extraheader' && git config --local --unset-all 'http.https://github.com/.extraheader' || :"
2026-01-11T16:57:46.2828134Z [command]/usr/bin/git config --local --name-only --get-regexp ^includeIf\.gitdir:
2026-01-11T16:57:46.2861486Z [command]/usr/bin/git submodule foreach --recursive git config --local --show-origin --name-only --get-regexp remote.origin.url
2026-01-11T16:57:46.3086916Z [command]/usr/bin/git config --local http.https://github.com/.extraheader AUTHORIZATION: basic ***
2026-01-11T16:57:46.3121497Z ##[endgroup]
2026-01-11T16:57:46.3124198Z ##[group]Fetching the repository
2026-01-11T16:57:46.3133607Z [command]/usr/bin/git -c protocol.version=2 fetch --no-tags --prune --no-recurse-submodules --depth=1 origin +a771f030fcbb2b3435623cbab00424ea942afa7b:refs/remotes/origin/v3
2026-01-11T16:57:46.7901338Z From https://github.com/nfe/client-nodejs
2026-01-11T16:57:46.7901985Z  * [new ref]         a771f030fcbb2b3435623cbab00424ea942afa7b -> origin/v3
2026-01-11T16:57:46.7939903Z ##[endgroup]
2026-01-11T16:57:46.7940769Z ##[group]Determining the checkout info
2026-01-11T16:57:46.7942783Z ##[endgroup]
2026-01-11T16:57:46.7948273Z [command]/usr/bin/git sparse-checkout disable
2026-01-11T16:57:46.7989365Z [command]/usr/bin/git config --local --unset-all extensions.worktreeConfig
2026-01-11T16:57:46.8015699Z ##[group]Checking out the ref
2026-01-11T16:57:46.8020250Z [command]/usr/bin/git checkout --progress --force -B v3 refs/remotes/origin/v3
2026-01-11T16:57:46.8198632Z Switched to a new branch 'v3'
2026-01-11T16:57:46.8199395Z branch 'v3' set up to track 'origin/v3'.
2026-01-11T16:57:46.8208363Z ##[endgroup]
2026-01-11T16:57:46.8246383Z [command]/usr/bin/git log -1 --format=%H
2026-01-11T16:57:46.8269058Z a771f030fcbb2b3435623cbab00424ea942afa7b
2026-01-11T16:57:46.8509014Z ##[group]Run actions/setup-node@v4
2026-01-11T16:57:46.8509456Z with:
2026-01-11T16:57:46.8509766Z   node-version: 20.x
2026-01-11T16:57:46.8510093Z   cache: npm
2026-01-11T16:57:46.8510406Z   always-auth: false
2026-01-11T16:57:46.8510739Z   check-latest: false
2026-01-11T16:57:46.8511459Z   token: ***
2026-01-11T16:57:46.8511784Z ##[endgroup]
2026-01-11T16:57:47.0387070Z Found in cache @ /opt/hostedtoolcache/node/20.19.6/x64
2026-01-11T16:57:47.0394748Z ##[group]Environment details
2026-01-11T16:57:49.7904293Z node: v20.19.6
2026-01-11T16:57:49.7904897Z npm: 10.8.2
2026-01-11T16:57:49.7905209Z yarn: 1.22.22
2026-01-11T16:57:49.7906247Z ##[endgroup]
2026-01-11T16:57:49.7934090Z [command]/opt/hostedtoolcache/node/20.19.6/x64/bin/npm config get cache
2026-01-11T16:57:50.1648499Z /home/runner/.npm
2026-01-11T16:57:50.4659873Z Cache hit for: node-cache-Linux-x64-npm-79533a046739a4b7054b7da16e0e319fc41b4abcbdf12622349b24825ea64787
2026-01-11T16:57:51.7564625Z Received 4888586 of 34248714 (14.3%), 4.7 MBs/sec
2026-01-11T16:57:52.0025878Z Received 34248714 of 34248714 (100.0%), 26.2 MBs/sec
2026-01-11T16:57:52.0026594Z Cache Size: ~33 MB (34248714 B)
2026-01-11T16:57:52.0057775Z [command]/usr/bin/tar -xf /home/runner/work/_temp/7e1bc2b4-4b86-4369-ba12-0c8e12260d31/cache.tzst -P -C /home/runner/work/client-nodejs/client-nodejs --use-compress-program unzstd
2026-01-11T16:57:52.1230498Z Cache restored successfully
2026-01-11T16:57:52.1300887Z Cache restored from key: node-cache-Linux-x64-npm-79533a046739a4b7054b7da16e0e319fc41b4abcbdf12622349b24825ea64787
2026-01-11T16:57:52.1463386Z ##[group]Run npm ci
2026-01-11T16:57:52.1463695Z [36;1mnpm ci[0m
2026-01-11T16:57:52.1509309Z shell: /usr/bin/bash -e {0}
2026-01-11T16:57:52.1509616Z ##[endgroup]
2026-01-11T16:57:55.5452464Z npm warn deprecated inflight@1.0.6: This module is not supported, and leaks memory. Do not use it. Check out lru-cache if you want a good and tested way to coalesce async requests by a key value, which is much more comprehensive and powerful.
2026-01-11T16:57:55.6082919Z npm warn deprecated @humanwhocodes/config-array@0.13.0: Use @eslint/config-array instead
2026-01-11T16:57:55.6258910Z npm warn deprecated rimraf@3.0.2: Rimraf versions prior to v4 are no longer supported
2026-01-11T16:57:55.6563898Z npm warn deprecated @humanwhocodes/object-schema@2.0.3: Use @eslint/object-schema instead
2026-01-11T16:57:55.6573962Z npm warn deprecated glob@7.2.3: Glob versions prior to v9 are no longer supported
2026-01-11T16:57:55.6581952Z npm warn deprecated glob@7.2.3: Glob versions prior to v9 are no longer supported
2026-01-11T16:57:55.8530567Z npm warn deprecated source-map@0.8.0-beta.0: The work that was done in this beta branch won't be included in future versions
2026-01-11T16:57:56.4872302Z npm warn deprecated eslint@8.57.1: This version is no longer supported. Please see https://eslint.org/version-support for other options.
2026-01-11T16:57:56.7192692Z 
2026-01-11T16:57:56.7193412Z added 318 packages, and audited 319 packages in 5s
2026-01-11T16:57:56.7194829Z 
2026-01-11T16:57:56.7195132Z 88 packages are looking for funding
2026-01-11T16:57:56.7195681Z   run `npm fund` for details
2026-01-11T16:57:56.7488024Z 
2026-01-11T16:57:56.7488924Z 8 vulnerabilities (7 moderate, 1 high)
2026-01-11T16:57:56.7489343Z 
2026-01-11T16:57:56.7489735Z To address issues that do not require attention, run:
2026-01-11T16:57:56.7490296Z   npm audit fix
2026-01-11T16:57:56.7490507Z 
2026-01-11T16:57:56.7490864Z To address all issues (including breaking changes), run:
2026-01-11T16:57:56.7491663Z   npm audit fix --force
2026-01-11T16:57:56.7491902Z 
2026-01-11T16:57:56.7492101Z Run `npm audit` for details.
2026-01-11T16:57:56.7776405Z ##[group]Run npm run validate:spec
2026-01-11T16:57:56.7776898Z [36;1mnpm run validate:spec[0m
2026-01-11T16:57:56.7808669Z shell: /usr/bin/bash -e {0}
2026-01-11T16:57:56.7808897Z ##[endgroup]
2026-01-11T16:57:56.8929833Z 
2026-01-11T16:57:56.8930223Z > nfe-io@3.0.0 validate:spec
2026-01-11T16:57:56.8930748Z > tsx scripts/validate-spec.ts
2026-01-11T16:57:56.8930963Z 
2026-01-11T16:57:57.2526472Z 🔍 Validating OpenAPI specifications...
2026-01-11T16:57:57.2526891Z 
2026-01-11T16:57:57.2530624Z Found 12 spec file(s) to validate
2026-01-11T16:57:57.2531215Z 
2026-01-11T16:57:57.3030325Z ✓ calculo-impostos-v1.yaml - 6 warning(s)
2026-01-11T16:57:57.3030955Z   Warnings:
2026-01-11T16:57:57.3031662Z     ⚠️  No servers defined
2026-01-11T16:57:57.3032088Z        at: servers
2026-01-11T16:57:57.3032849Z        💡 Consider adding at least one server URL
2026-01-11T16:57:57.3033793Z     ⚠️  Operation GET /tax-codes/operation-code missing operationId
2026-01-11T16:57:57.3034596Z        at: paths./tax-codes/operation-code.get
2026-01-11T16:57:57.3035396Z        💡 Add operationId for better code generation
2026-01-11T16:57:57.3036656Z     ⚠️  Operation GET /tax-codes/acquisition-purpose missing operationId
2026-01-11T16:57:57.3037381Z        at: paths./tax-codes/acquisition-purpose.get
2026-01-11T16:57:57.3038090Z        💡 Add operationId for better code generation
2026-01-11T16:57:57.3038915Z     ⚠️  Operation GET /tax-codes/issuer-tax-profile missing operationId
2026-01-11T16:57:57.3039662Z        at: paths./tax-codes/issuer-tax-profile.get
2026-01-11T16:57:57.3040360Z        💡 Add operationId for better code generation
2026-01-11T16:57:57.3041513Z     ⚠️  Operation GET /tax-codes/recipient-tax-profile missing operationId
2026-01-11T16:57:57.3042327Z        at: paths./tax-codes/recipient-tax-profile.get
2026-01-11T16:57:57.3043102Z        💡 Add operationId for better code generation
2026-01-11T16:57:57.3044062Z     ⚠️  Operation POST /tax-rules/{tenantId}/engine/calculate missing operationId
2026-01-11T16:57:57.3044864Z        at: paths./tax-rules/{tenantId}/engine/calculate.post
2026-01-11T16:57:57.3045637Z        💡 Add operationId for better code generation
2026-01-11T16:57:57.3046014Z 
2026-01-11T16:57:57.3564732Z ✓ consulta-cnpj.yaml - 2 warning(s)
2026-01-11T16:57:57.3565762Z   Warnings:
2026-01-11T16:57:57.3567949Z     ⚠️  Swagger 2.0 spec detected (2.0)
2026-01-11T16:57:57.3569466Z        at: swagger
2026-01-11T16:57:57.3570205Z        💡 Consider converting to OpenAPI 3.0 for better tooling support
2026-01-11T16:57:57.3570892Z     ⚠️  No servers defined
2026-01-11T16:57:57.3571498Z        at: servers
2026-01-11T16:57:57.3572020Z        💡 Consider adding at least one server URL
2026-01-11T16:57:57.3572377Z 
2026-01-11T16:57:57.3808775Z ✓ consulta-cte-v2.yaml - 7 warning(s)
2026-01-11T16:57:57.3809303Z   Warnings:
2026-01-11T16:57:57.3810230Z     ⚠️  Operation GET /v2/companies/{companyId}/inbound/transportationinvoices missing operationId
2026-01-11T16:57:57.3811480Z        at: paths./v2/companies/{companyId}/inbound/transportationinvoices.get
2026-01-11T16:57:57.3812349Z        💡 Add operationId for better code generation
2026-01-11T16:57:57.3813369Z     ⚠️  Operation POST /v2/companies/{companyId}/inbound/transportationinvoices missing operationId
2026-01-11T16:57:57.3814393Z        at: paths./v2/companies/{companyId}/inbound/transportationinvoices.post
2026-01-11T16:57:57.3815159Z        💡 Add operationId for better code generation
2026-01-11T16:57:57.3816087Z     ⚠️  Operation DELETE /v2/companies/{companyId}/inbound/transportationinvoices missing operationId
2026-01-11T16:57:57.3817109Z        at: paths./v2/companies/{companyId}/inbound/transportationinvoices.delete
2026-01-11T16:57:57.3817982Z        💡 Add operationId for better code generation
2026-01-11T16:57:57.3818921Z     ⚠️  Operation GET /v2/companies/{company_id}/inbound/{access_key} missing operationId
2026-01-11T16:57:57.3819750Z        at: paths./v2/companies/{company_id}/inbound/{access_key}.get
2026-01-11T16:57:57.3820950Z        💡 Add operationId for better code generation
2026-01-11T16:57:57.3823283Z     ⚠️  Operation GET /v2/companies/{company_id}/inbound/{access_key}/xml missing operationId
2026-01-11T16:57:57.3824163Z        at: paths./v2/companies/{company_id}/inbound/{access_key}/xml.get
2026-01-11T16:57:57.3824890Z        💡 Add operationId for better code generation
2026-01-11T16:57:57.3825903Z     ⚠️  Operation GET /v2/companies/{company_id}/inbound/{access_key}/events/{event_key} missing operationId
2026-01-11T16:57:57.3826946Z        at: paths./v2/companies/{company_id}/inbound/{access_key}/events/{event_key}.get
2026-01-11T16:57:57.3827754Z        💡 Add operationId for better code generation
2026-01-11T16:57:57.3828770Z     ⚠️  Operation GET /v2/companies/{company_id}/inbound/{access_key}/events/{event_key}/xml missing operationId
2026-01-11T16:57:57.3829967Z        at: paths./v2/companies/{company_id}/inbound/{access_key}/events/{event_key}/xml.get
2026-01-11T16:57:57.3830805Z        💡 Add operationId for better code generation
2026-01-11T16:57:57.3844678Z 
2026-01-11T16:57:57.3952635Z ✓ consulta-endereco.yaml - 2 warning(s)
2026-01-11T16:57:57.3953187Z   Warnings:
2026-01-11T16:57:57.3953696Z     ⚠️  Swagger 2.0 spec detected (2.0)
2026-01-11T16:57:57.3954135Z        at: swagger
2026-01-11T16:57:57.3954897Z        💡 Consider converting to OpenAPI 3.0 for better tooling support
2026-01-11T16:57:57.3955604Z     ⚠️  No servers defined
2026-01-11T16:57:57.3955994Z        at: servers
2026-01-11T16:57:57.3956501Z        💡 Consider adding at least one server URL
2026-01-11T16:57:57.3956827Z 
2026-01-11T16:57:57.4279727Z ✓ consulta-nf-consumidor.yaml - 2 warning(s)
2026-01-11T16:57:57.4280412Z   Warnings:
2026-01-11T16:57:57.4289655Z     ⚠️  Swagger 2.0 spec detected (2.0)
2026-01-11T16:57:57.4290380Z        at: swagger
2026-01-11T16:57:57.4294003Z        💡 Consider converting to OpenAPI 3.0 for better tooling support
2026-01-11T16:57:57.4294780Z     ⚠️  No servers defined
2026-01-11T16:57:57.4295193Z        at: servers
2026-01-11T16:57:57.4295727Z        💡 Consider adding at least one server URL
2026-01-11T16:57:57.4296102Z 
2026-01-11T16:57:57.4834969Z ✓ consulta-nf.yaml - 2 warning(s)
2026-01-11T16:57:57.4835467Z   Warnings:
2026-01-11T16:57:57.4835949Z     ⚠️  Swagger 2.0 spec detected (2.0)
2026-01-11T16:57:57.4836400Z        at: swagger
2026-01-11T16:57:57.4837094Z        💡 Consider converting to OpenAPI 3.0 for better tooling support
2026-01-11T16:57:57.4837759Z     ⚠️  No servers defined
2026-01-11T16:57:57.4838117Z        at: servers
2026-01-11T16:57:57.4838639Z        💡 Consider adding at least one server URL
2026-01-11T16:57:57.4838968Z 
2026-01-11T16:57:57.5311727Z ✓ consulta-nfe-distribuicao-v1.yaml
2026-01-11T16:57:57.5312225Z 
2026-01-11T16:57:57.5341239Z ✓ cpf-api.yaml - 2 warning(s)
2026-01-11T16:57:57.5341688Z   Warnings:
2026-01-11T16:57:57.5342192Z     ⚠️  Swagger 2.0 spec detected (2.0)
2026-01-11T16:57:57.5342633Z        at: swagger
2026-01-11T16:57:57.5343331Z        💡 Consider converting to OpenAPI 3.0 for better tooling support
2026-01-11T16:57:57.5343799Z     ⚠️  No servers defined
2026-01-11T16:57:57.5344029Z        at: servers
2026-01-11T16:57:57.5344351Z        💡 Consider adding at least one server URL
2026-01-11T16:57:57.5344550Z 
2026-01-11T16:57:57.6422606Z ✓ nf-consumidor-v2.yaml - 10 warning(s)
2026-01-11T16:57:57.6423164Z   Warnings:
2026-01-11T16:57:57.6424044Z     ⚠️  Operation GET /v2/companies/{companyId}/consumerinvoices missing operationId
2026-01-11T16:57:57.6424983Z        at: paths./v2/companies/{companyId}/consumerinvoices.get
2026-01-11T16:57:57.6425753Z        💡 Add operationId for better code generation
2026-01-11T16:57:57.6426631Z     ⚠️  Operation POST /v2/companies/{companyId}/consumerinvoices missing operationId
2026-01-11T16:57:57.6427480Z        at: paths./v2/companies/{companyId}/consumerinvoices.post
2026-01-11T16:57:57.6428217Z        💡 Add operationId for better code generation
2026-01-11T16:57:57.6429665Z     ⚠️  Operation GET /v2/companies/{companyId}/consumerinvoices/{invoiceId} missing operationId
2026-01-11T16:57:57.6430893Z        at: paths./v2/companies/{companyId}/consumerinvoices/{invoiceId}.get
2026-01-11T16:57:57.6431906Z        💡 Add operationId for better code generation
2026-01-11T16:57:57.6432927Z     ⚠️  Operation DELETE /v2/companies/{companyId}/consumerinvoices/{invoiceId} missing operationId
2026-01-11T16:57:57.6433914Z        at: paths./v2/companies/{companyId}/consumerinvoices/{invoiceId}.delete
2026-01-11T16:57:57.6434708Z        💡 Add operationId for better code generation
2026-01-11T16:57:57.6435706Z     ⚠️  Operation GET /v2/companies/{companyId}/consumerinvoices/{invoiceId}/items missing operationId
2026-01-11T16:57:57.6436697Z        at: paths./v2/companies/{companyId}/consumerinvoices/{invoiceId}/items.get
2026-01-11T16:57:57.6437485Z        💡 Add operationId for better code generation
2026-01-11T16:57:57.6438479Z     ⚠️  Operation GET /v2/companies/{companyId}/consumerinvoices/{invoiceId}/events missing operationId
2026-01-11T16:57:57.6439509Z        at: paths./v2/companies/{companyId}/consumerinvoices/{invoiceId}/events.get
2026-01-11T16:57:57.6440312Z        💡 Add operationId for better code generation
2026-01-11T16:57:57.6441513Z     ⚠️  Operation GET /v2/companies/{companyId}/consumerinvoices/{invoiceId}/pdf missing operationId
2026-01-11T16:57:57.6442483Z        at: paths./v2/companies/{companyId}/consumerinvoices/{invoiceId}/pdf.get
2026-01-11T16:57:57.6443280Z        💡 Add operationId for better code generation
2026-01-11T16:57:57.6444259Z     ⚠️  Operation GET /v2/companies/{companyId}/consumerinvoices/{invoiceId}/xml missing operationId
2026-01-11T16:57:57.6445234Z        at: paths./v2/companies/{companyId}/consumerinvoices/{invoiceId}/xml.get
2026-01-11T16:57:57.6446014Z        💡 Add operationId for better code generation
2026-01-11T16:57:57.6447057Z     ⚠️  Operation GET /v2/companies/{companyId}/consumerinvoices/{invoiceId}/xml/rejection missing operationId
2026-01-11T16:57:57.6448186Z        at: paths./v2/companies/{companyId}/consumerinvoices/{invoiceId}/xml/rejection.get
2026-01-11T16:57:57.6449073Z        💡 Add operationId for better code generation
2026-01-11T16:57:57.6450030Z     ⚠️  Operation POST /v2/companies/{companyId}/consumerinvoices/disablement missing operationId
2026-01-11T16:57:57.6450969Z        at: paths./v2/companies/{companyId}/consumerinvoices/disablement.post
2026-01-11T16:57:57.6451918Z        💡 Add operationId for better code generation
2026-01-11T16:57:57.6452244Z 
2026-01-11T16:57:57.7551585Z ✓ nf-produto-v2.yaml - 24 warning(s)
2026-01-11T16:57:57.7552073Z   Warnings:
2026-01-11T16:57:57.7552599Z     ⚠️  Operation GET /v2/companies/{companyId}/productinvoices missing operationId
2026-01-11T16:57:57.7553139Z        at: paths./v2/companies/{companyId}/productinvoices.get
2026-01-11T16:57:57.7553617Z        💡 Add operationId for better code generation
2026-01-11T16:57:57.7554174Z     ⚠️  Operation POST /v2/companies/{companyId}/productinvoices missing operationId
2026-01-11T16:57:57.7554740Z        at: paths./v2/companies/{companyId}/productinvoices.post
2026-01-11T16:57:57.7560140Z        💡 Add operationId for better code generation
2026-01-11T16:57:57.7561351Z     ⚠️  Operation GET /v2/companies/{companyId}/productinvoices/{invoiceId} missing operationId
2026-01-11T16:57:57.7562374Z        at: paths./v2/companies/{companyId}/productinvoices/{invoiceId}.get
2026-01-11T16:57:57.7563179Z        💡 Add operationId for better code generation
2026-01-11T16:57:57.7564208Z     ⚠️  Operation DELETE /v2/companies/{companyId}/productinvoices/{invoiceId} missing operationId
2026-01-11T16:57:57.7565218Z        at: paths./v2/companies/{companyId}/productinvoices/{invoiceId}.delete
2026-01-11T16:57:57.7566025Z        💡 Add operationId for better code generation
2026-01-11T16:57:57.7566982Z     ⚠️  Operation GET /v2/companies/{companyId}/productinvoices/{invoiceId}/items missing operationId
2026-01-11T16:57:57.7567903Z        at: paths./v2/companies/{companyId}/productinvoices/{invoiceId}/items.get
2026-01-11T16:57:57.7569037Z        💡 Add operationId for better code generation
2026-01-11T16:57:57.7570167Z     ⚠️  Operation GET /v2/companies/{companyId}/productinvoices/{invoiceId}/events missing operationId
2026-01-11T16:57:57.7571276Z        at: paths./v2/companies/{companyId}/productinvoices/{invoiceId}/events.get
2026-01-11T16:57:57.7572005Z        💡 Add operationId for better code generation
2026-01-11T16:57:57.7572874Z     ⚠️  Operation GET /v2/companies/{companyId}/productinvoices/{invoiceId}/pdf missing operationId
2026-01-11T16:57:57.7573757Z        at: paths./v2/companies/{companyId}/productinvoices/{invoiceId}/pdf.get
2026-01-11T16:57:57.7574489Z        💡 Add operationId for better code generation
2026-01-11T16:57:57.7575361Z     ⚠️  Operation GET /v2/companies/{companyId}/productinvoices/{invoiceId}/xml missing operationId
2026-01-11T16:57:57.7576235Z        at: paths./v2/companies/{companyId}/productinvoices/{invoiceId}/xml.get
2026-01-11T16:57:57.7577000Z        💡 Add operationId for better code generation
2026-01-11T16:57:57.7577997Z     ⚠️  Operation GET /v2/companies/{companyId}/productinvoices/{invoiceId}/xml/rejection missing operationId
2026-01-11T16:57:57.7578998Z        at: paths./v2/companies/{companyId}/productinvoices/{invoiceId}/xml/rejection.get
2026-01-11T16:57:57.7579752Z        💡 Add operationId for better code generation
2026-01-11T16:57:57.7580705Z     ⚠️  Operation GET /v2/companies/{companyId}/productinvoices/{invoiceId}/xml-rejection missing operationId
2026-01-11T16:57:57.7581852Z        at: paths./v2/companies/{companyId}/productinvoices/{invoiceId}/xml-rejection.get
2026-01-11T16:57:57.7582610Z        💡 Add operationId for better code generation
2026-01-11T16:57:57.7583503Z     ⚠️  Operation GET /v2/companies/{companyId}/productinvoices/{invoiceId}/xml-epec missing operationId
2026-01-11T16:57:57.7584527Z        at: paths./v2/companies/{companyId}/productinvoices/{invoiceId}/xml-epec.get
2026-01-11T16:57:57.7585391Z        💡 Add operationId for better code generation
2026-01-11T16:57:57.7586402Z     ⚠️  Operation PUT /v2/companies/{companyId}/productinvoices/{invoiceId}/correctionletter missing operationId
2026-01-11T16:57:57.7587485Z        at: paths./v2/companies/{companyId}/productinvoices/{invoiceId}/correctionletter.put
2026-01-11T16:57:57.7588350Z        💡 Add operationId for better code generation
2026-01-11T16:57:57.7589492Z     ⚠️  Operation GET /v2/companies/{companyId}/productinvoices/{invoiceId}/correctionletter/pdf missing operationId
2026-01-11T16:57:57.7590739Z        at: paths./v2/companies/{companyId}/productinvoices/{invoiceId}/correctionletter/pdf.get
2026-01-11T16:57:57.7591800Z        💡 Add operationId for better code generation
2026-01-11T16:57:57.7592951Z     ⚠️  Operation GET /v2/companies/{companyId}/productinvoices/{invoiceId}/correctionletter/xml missing operationId
2026-01-11T16:57:57.7594193Z        at: paths./v2/companies/{companyId}/productinvoices/{invoiceId}/correctionletter/xml.get
2026-01-11T16:57:57.7595124Z        💡 Add operationId for better code generation
2026-01-11T16:57:57.7596264Z     ⚠️  Operation POST /v2/companies/{companyId}/productinvoices/{invoiceId}/disablement missing operationId
2026-01-11T16:57:57.7597431Z        at: paths./v2/companies/{companyId}/productinvoices/{invoiceId}/disablement.post
2026-01-11T16:57:57.7598072Z        💡 Add operationId for better code generation
2026-01-11T16:57:57.7598808Z     ⚠️  Operation POST /v2/companies/{companyId}/productinvoices/disablement missing operationId
2026-01-11T16:57:57.7599664Z        at: paths./v2/companies/{companyId}/productinvoices/disablement.post
2026-01-11T16:57:57.7600302Z        💡 Add operationId for better code generation
2026-01-11T16:57:57.7601568Z     ⚠️  Operation POST /v2/companies/{companyId}/statetaxes/{statetaxId}/productinvoices missing operationId
2026-01-11T16:57:57.7602525Z        at: paths./v2/companies/{companyId}/statetaxes/{statetaxId}/productinvoices.post
2026-01-11T16:57:57.7603046Z        💡 Add operationId for better code generation
2026-01-11T16:57:57.7603664Z     ⚠️  Operation GET /v2/webhooks/eventtypes missing operationId
2026-01-11T16:57:57.7604177Z        at: paths./v2/webhooks/eventtypes.get
2026-01-11T16:57:57.7604551Z        💡 Add operationId for better code generation
2026-01-11T16:57:57.7604940Z     ⚠️  Operation GET /v2/webhooks missing operationId
2026-01-11T16:57:57.7605254Z        at: paths./v2/webhooks.get
2026-01-11T16:57:57.7605583Z        💡 Add operationId for better code generation
2026-01-11T16:57:57.7605972Z     ⚠️  Operation POST /v2/webhooks missing operationId
2026-01-11T16:57:57.7606293Z        at: paths./v2/webhooks.post
2026-01-11T16:57:57.7606639Z        💡 Add operationId for better code generation
2026-01-11T16:57:57.7607041Z     ⚠️  Operation DELETE /v2/webhooks missing operationId
2026-01-11T16:57:57.7607380Z        at: paths./v2/webhooks.delete
2026-01-11T16:57:57.7607886Z        💡 Add operationId for better code generation
2026-01-11T16:57:57.7608404Z     ⚠️  Operation PUT /v2/webhooks/{webhook_id} missing operationId
2026-01-11T16:57:57.7608790Z        at: paths./v2/webhooks/{webhook_id}.put
2026-01-11T16:57:57.7609162Z        💡 Add operationId for better code generation
2026-01-11T16:57:57.7609607Z     ⚠️  Operation DELETE /v2/webhooks/{webhook_id} missing operationId
2026-01-11T16:57:57.7609995Z        at: paths./v2/webhooks/{webhook_id}.delete
2026-01-11T16:57:57.7610365Z        💡 Add operationId for better code generation
2026-01-11T16:57:57.7610817Z     ⚠️  Operation PUT /v2/webhooks/{webhook_id}/pings missing operationId
2026-01-11T16:57:57.7611525Z        at: paths./v2/webhooks/{webhook_id}/pings.put
2026-01-11T16:57:57.7611935Z        💡 Add operationId for better code generation
2026-01-11T16:57:57.7612140Z 
2026-01-11T16:57:57.8384846Z ✓ nf-servico-v1.yaml - 7 warning(s)
2026-01-11T16:57:57.8385355Z   Warnings:
2026-01-11T16:57:57.8386030Z     ⚠️  Operation GET /v2/webhooks/eventtypes missing operationId
2026-01-11T16:57:57.8386737Z        at: paths./v2/webhooks/eventtypes.get
2026-01-11T16:57:57.8387499Z        💡 Add operationId for better code generation
2026-01-11T16:57:57.8387991Z     ⚠️  Operation GET /v2/webhooks missing operationId
2026-01-11T16:57:57.8388486Z        at: paths./v2/webhooks.get
2026-01-11T16:57:57.8388934Z        💡 Add operationId for better code generation
2026-01-11T16:57:57.8389544Z     ⚠️  Operation POST /v2/webhooks missing operationId
2026-01-11T16:57:57.8390067Z        at: paths./v2/webhooks.post
2026-01-11T16:57:57.8390451Z        💡 Add operationId for better code generation
2026-01-11T16:57:57.8391187Z     ⚠️  Operation DELETE /v2/webhooks missing operationId
2026-01-11T16:57:57.8391636Z        at: paths./v2/webhooks.delete
2026-01-11T16:57:57.8392021Z        💡 Add operationId for better code generation
2026-01-11T16:57:57.8392484Z     ⚠️  Operation PUT /v2/webhooks/{webhook_id} missing operationId
2026-01-11T16:57:57.8392889Z        at: paths./v2/webhooks/{webhook_id}.put
2026-01-11T16:57:57.8393266Z        💡 Add operationId for better code generation
2026-01-11T16:57:57.8393745Z     ⚠️  Operation DELETE /v2/webhooks/{webhook_id} missing operationId
2026-01-11T16:57:57.8394164Z        at: paths./v2/webhooks/{webhook_id}.delete
2026-01-11T16:57:57.8394551Z        💡 Add operationId for better code generation
2026-01-11T16:57:57.8395029Z     ⚠️  Operation PUT /v2/webhooks/{webhook_id}/pings missing operationId
2026-01-11T16:57:57.8395451Z        at: paths./v2/webhooks/{webhook_id}/pings.put
2026-01-11T16:57:57.8395832Z        💡 Add operationId for better code generation
2026-01-11T16:57:57.8396041Z 
2026-01-11T16:57:57.8488717Z ✓ nfeio.yaml - 9 warning(s)
2026-01-11T16:57:57.8489254Z   Warnings:
2026-01-11T16:57:57.8489754Z     ⚠️  No servers defined
2026-01-11T16:57:57.8490218Z        at: servers
2026-01-11T16:57:57.8490879Z        💡 Consider adding at least one server URL
2026-01-11T16:57:57.8491824Z     ⚠️  Operation POST /api/notifications/zip missing operationId
2026-01-11T16:57:57.8492317Z        at: paths./api/notifications/zip.post
2026-01-11T16:57:57.8493293Z        💡 Add operationId for better code generation
2026-01-11T16:57:57.8494537Z     ⚠️  Operation POST /api/notifications/{id} missing operationId
2026-01-11T16:57:57.8495054Z        at: paths./api/notifications/{id}.post
2026-01-11T16:57:57.8495559Z        💡 Add operationId for better code generation
2026-01-11T16:57:57.8496539Z     ⚠️  Operation POST /api/notifications/workflow/finished missing operationId
2026-01-11T16:57:57.8497465Z        at: paths./api/notifications/workflow/finished.post
2026-01-11T16:57:57.8498376Z        💡 Add operationId for better code generation
2026-01-11T16:57:57.8499468Z     ⚠️  Operation GET /api/processing-jobs/resources/outputs missing operationId
2026-01-11T16:57:57.8500363Z        at: paths./api/processing-jobs/resources/outputs.get
2026-01-11T16:57:57.8501284Z        💡 Add operationId for better code generation
2026-01-11T16:57:57.8502093Z     ⚠️  Operation GET /api/processing-jobs missing operationId
2026-01-11T16:57:57.8502706Z        at: paths./api/processing-jobs.get
2026-01-11T16:57:57.8503396Z        💡 Add operationId for better code generation
2026-01-11T16:57:57.8504204Z     ⚠️  Operation POST /api/processing-jobs missing operationId
2026-01-11T16:57:57.8504827Z        at: paths./api/processing-jobs.post
2026-01-11T16:57:57.8505461Z        💡 Add operationId for better code generation
2026-01-11T16:57:57.8506234Z     ⚠️  Operation GET /api/processing-jobs/{id} missing operationId
2026-01-11T16:57:57.8506895Z        at: paths./api/processing-jobs/{id}.get
2026-01-11T16:57:57.8507600Z        💡 Add operationId for better code generation
2026-01-11T16:57:57.8508406Z     ⚠️  Operation DELETE /api/processing-jobs/{id} missing operationId
2026-01-11T16:57:57.8509086Z        at: paths./api/processing-jobs/{id}.delete
2026-01-11T16:57:57.8509754Z        💡 Add operationId for better code generation
2026-01-11T16:57:57.8510107Z 
2026-01-11T16:57:57.8510500Z ──────────────────────────────────────────────────
2026-01-11T16:57:57.8510945Z Summary:
2026-01-11T16:57:57.8511443Z   Total specs:     12
2026-01-11T16:57:57.8511840Z   Valid:           12 ✓
2026-01-11T16:57:57.8512207Z   Invalid:         0
2026-01-11T16:57:57.8512561Z   Total errors:    0
2026-01-11T16:57:57.8512900Z   Total warnings:  73
2026-01-11T16:57:57.8513429Z ──────────────────────────────────────────────────
2026-01-11T16:57:57.8513628Z 
2026-01-11T16:57:57.8513796Z ✅ All specifications are valid!
2026-01-11T16:57:57.8513962Z 
2026-01-11T16:57:57.8771753Z ##[group]Run npm run generate
2026-01-11T16:57:57.8772048Z [36;1mnpm run generate[0m
2026-01-11T16:57:57.8803831Z shell: /usr/bin/bash -e {0}
2026-01-11T16:57:57.8804170Z ##[endgroup]
2026-01-11T16:57:57.9869406Z 
2026-01-11T16:57:57.9869845Z > nfe-io@3.0.0 generate
2026-01-11T16:57:57.9870312Z > tsx scripts/generate-types.ts
2026-01-11T16:57:57.9870507Z 
2026-01-11T16:57:58.3870304Z 🚀 Starting OpenAPI type generation...
2026-01-11T16:57:58.3870704Z 
2026-01-11T16:57:58.3871212Z 📁 Discovering OpenAPI specs...
2026-01-11T16:57:58.3887596Z    Found 12 spec file(s)
2026-01-11T16:57:58.3888196Z 
2026-01-11T16:57:58.3888776Z ⚙️  Generating TypeScript types...
2026-01-11T16:57:58.3889485Z    • calculo-impostos-v1...
2026-01-11T16:57:58.4166658Z      ✓ Generated /home/runner/work/client-nodejs/client-nodejs/src/generated/calculo-impostos-v1.ts
2026-01-11T16:57:58.4167686Z    • consulta-cnpj...
2026-01-11T16:57:58.4170100Z      ⚠️  Skipped (Swagger 2.0 not supported by openapi-typescript v6+)
2026-01-11T16:57:58.4171374Z      💡 Consider converting to OpenAPI 3.0 for type generation
2026-01-11T16:57:58.4172099Z    • consulta-cte-v2...
2026-01-11T16:57:58.4252256Z      ✓ Generated /home/runner/work/client-nodejs/client-nodejs/src/generated/consulta-cte-v2.ts
2026-01-11T16:57:58.4253258Z    • consulta-endereco...
2026-01-11T16:57:58.4255605Z      ⚠️  Skipped (Swagger 2.0 not supported by openapi-typescript v6+)
2026-01-11T16:57:58.4256549Z      💡 Consider converting to OpenAPI 3.0 for type generation
2026-01-11T16:57:58.4257212Z    • consulta-nf-consumidor...
2026-01-11T16:57:58.4261813Z      ⚠️  Skipped (Swagger 2.0 not supported by openapi-typescript v6+)
2026-01-11T16:57:58.4263214Z      💡 Consider converting to OpenAPI 3.0 for type generation
2026-01-11T16:57:58.4263923Z    • consulta-nf...
2026-01-11T16:57:58.4269748Z      ⚠️  Skipped (Swagger 2.0 not supported by openapi-typescript v6+)
2026-01-11T16:57:58.4270764Z      💡 Consider converting to OpenAPI 3.0 for type generation
2026-01-11T16:57:58.4271697Z    • consulta-nfe-distribuicao-v1...
2026-01-11T16:57:58.4483696Z      ✓ Generated /home/runner/work/client-nodejs/client-nodejs/src/generated/consulta-nfe-distribuicao-v1.ts
2026-01-11T16:57:58.4484801Z    • cpf-api...
2026-01-11T16:57:58.4485668Z      ⚠️  Skipped (Swagger 2.0 not supported by openapi-typescript v6+)
2026-01-11T16:57:58.4486681Z      💡 Consider converting to OpenAPI 3.0 for type generation
2026-01-11T16:57:58.4487360Z    • nf-consumidor-v2...
2026-01-11T16:57:58.4983988Z      ✓ Generated /home/runner/work/client-nodejs/client-nodejs/src/generated/nf-consumidor-v2.ts
2026-01-11T16:57:58.4984921Z    • nf-produto-v2...
2026-01-11T16:57:58.5372189Z      ✓ Generated /home/runner/work/client-nodejs/client-nodejs/src/generated/nf-produto-v2.ts
2026-01-11T16:57:58.5373112Z    • nf-servico-v1...
2026-01-11T16:57:58.5647535Z      ✓ Generated /home/runner/work/client-nodejs/client-nodejs/src/generated/nf-servico-v1.ts
2026-01-11T16:57:58.5648379Z    • nfeio...
2026-01-11T16:57:58.5688847Z      ✓ Generated /home/runner/work/client-nodejs/client-nodejs/src/generated/nfeio.ts
2026-01-11T16:57:58.5689449Z 
2026-01-11T16:57:58.5689731Z 📦 Creating unified index...
2026-01-11T16:57:58.5694701Z    ✓ Created unified index: /home/runner/work/client-nodejs/client-nodejs/src/generated/index.ts
2026-01-11T16:57:58.5695358Z 
2026-01-11T16:57:58.5695728Z ✅ Type generation completed successfully!
2026-01-11T16:57:58.5696252Z    Generated 7 of 12 spec file(s)
2026-01-11T16:57:58.5696973Z    Output directory: /home/runner/work/client-nodejs/client-nodejs/src/generated
2026-01-11T16:57:58.5697517Z 
2026-01-11T16:57:58.5930717Z ##[group]Run npm run typecheck
2026-01-11T16:57:58.5931281Z [36;1mnpm run typecheck[0m
2026-01-11T16:57:58.5963340Z shell: /usr/bin/bash -e {0}
2026-01-11T16:57:58.5963576Z ##[endgroup]
2026-01-11T16:57:58.7041827Z 
2026-01-11T16:57:58.7042176Z > nfe-io@3.0.0 typecheck
2026-01-11T16:57:58.7042483Z > tsc --noEmit
2026-01-11T16:57:58.7042618Z 
2026-01-11T16:58:00.1546905Z ##[group]Run actions/upload-artifact@v4
2026-01-11T16:58:00.1547173Z with:
2026-01-11T16:58:00.1547365Z   name: openapi-generated-types
2026-01-11T16:58:00.1547604Z   path: src/generated/
2026-01-11T16:58:00.1547808Z   if-no-files-found: warn
2026-01-11T16:58:00.1548023Z   compression-level: 6
2026-01-11T16:58:00.1548230Z   overwrite: false
2026-01-11T16:58:00.1548419Z   include-hidden-files: false
2026-01-11T16:58:00.1548638Z ##[endgroup]
2026-01-11T16:58:00.3786246Z With the provided path, there will be 9 files uploaded
2026-01-11T16:58:00.3802124Z Artifact name is valid!
2026-01-11T16:58:00.3802568Z Root directory input is valid!
2026-01-11T16:58:00.6724679Z Beginning upload of artifact content to blob storage
2026-01-11T16:58:01.1793496Z Uploaded bytes 74096
2026-01-11T16:58:01.2730162Z Finished uploading artifact content to blob storage!
2026-01-11T16:58:01.2733795Z SHA256 digest of uploaded artifact zip is fa9485b777a46b4f968573d3432fdabc19dfa36e94ef4e5803aed756b628f5d0
2026-01-11T16:58:01.2735773Z Finalizing artifact upload
2026-01-11T16:58:01.4283480Z Artifact openapi-generated-types.zip successfully finalized. Artifact ID 5090681733
2026-01-11T16:58:01.4284929Z Artifact openapi-generated-types has been successfully uploaded! Final size is 74096 bytes. Artifact ID is 5090681733
2026-01-11T16:58:01.4290766Z Artifact download URL: https://github.com/nfe/client-nodejs/actions/runs/20898671450/artifacts/5090681733
2026-01-11T16:58:01.4432955Z Post job cleanup.
2026-01-11T16:58:01.6001570Z Cache hit occurred on the primary key node-cache-Linux-x64-npm-79533a046739a4b7054b7da16e0e319fc41b4abcbdf12622349b24825ea64787, not saving cache.
2026-01-11T16:58:01.6110924Z Post job cleanup.
2026-01-11T16:58:01.7057703Z [command]/usr/bin/git version
2026-01-11T16:58:01.7098239Z git version 2.52.0
2026-01-11T16:58:01.7143399Z Temporarily overriding HOME='/home/runner/work/_temp/5642d734-cfd8-430f-b930-e023bf31d333' before making global git config changes
2026-01-11T16:58:01.7144912Z Adding repository directory to the temporary git global config as a safe directory
2026-01-11T16:58:01.7149807Z [command]/usr/bin/git config --global --add safe.directory /home/runner/work/client-nodejs/client-nodejs
2026-01-11T16:58:01.7194287Z [command]/usr/bin/git config --local --name-only --get-regexp core\.sshCommand
2026-01-11T16:58:01.7228760Z [command]/usr/bin/git submodule foreach --recursive sh -c "git config --local --name-only --get-regexp 'core\.sshCommand' && git config --local --unset-all 'core.sshCommand' || :"
2026-01-11T16:58:01.7470999Z [command]/usr/bin/git config --local --name-only --get-regexp http\.https\:\/\/github\.com\/\.extraheader
2026-01-11T16:58:01.7495220Z http.https://github.com/.extraheader
2026-01-11T16:58:01.7510017Z [command]/usr/bin/git config --local --unset-all http.https://github.com/.extraheader
2026-01-11T16:58:01.7544883Z [command]/usr/bin/git submodule foreach --recursive sh -c "git config --local --name-only --get-regexp 'http\.https\:\/\/github\.com\/\.extraheader' && git config --local --unset-all 'http.https://github.com/.extraheader' || :"
2026-01-11T16:58:01.7788091Z [command]/usr/bin/git config --local --name-only --get-regexp ^includeIf\.gitdir:
2026-01-11T16:58:01.7821716Z [command]/usr/bin/git submodule foreach --recursive git config --local --show-origin --name-only --get-regexp remote.origin.url
2026-01-11T16:58:01.8153282Z Cleaning up orphan processes
